// Jest Snapshot v1, https://goo.gl/fbAQLP

exports[`snapshot test 1`] = `
<div
  className="MuiBox-root MuiBox-root-23 makeStyles-root-19"
>
  <div
    className="MuiBox-root MuiBox-root-24 makeStyles-container_user-21"
    data-testid="user"
  >
    <p
      className="MuiTypography-root makeStyles-font-22 MuiTypography-body1"
    />
  </div>
</div>
`;
